---
source: crates/weaver-app/src/components/editor/tests.rs
expression: result
---
- byte_range:
    - 0
    - 6
  char_range:
    - 0
    - 6
  html: "<p id=\"n0\">Hello<span class=\"md-syntax-inline\">\n</span></p>\n"
  offset_map:
    - byte_range:
        - 0
        - 0
      char_range:
        - 0
        - 0
      node_id: n0
      char_offset_in_node: 0
      child_index: 0
      utf16_len: 0
    - byte_range:
        - 0
        - 5
      char_range:
        - 0
        - 5
      node_id: n0
      char_offset_in_node: 0
      child_index: ~
      utf16_len: 5
    - byte_range:
        - 5
        - 6
      char_range:
        - 5
        - 6
      node_id: n0
      char_offset_in_node: 5
      child_index: ~
      utf16_len: 1
  source_hash: 1280328235052234789
