---
source: crates/weaver-app/src/components/editor/tests.rs
expression: result
---
- byte_range:
    - 11
    - 33
  char_range:
    - 11
    - 33
  html: "<ul><li data-node-id=\"p-0-n0\"><span class=\"md-syntax-block\" data-syn-id=\"s0\" data-char-start=\"0\" data-char-end=\"2\" spellcheck=\"false\">- </span>Parent\n  <ul><li data-node-id=\"p-0-n1\"><span class=\"md-syntax-block\" data-syn-id=\"s1\" data-char-start=\"11\" data-char-end=\"13\" spellcheck=\"false\">- </span>Child 1\n</li><span id=\"p-0-n2\">  </span><li data-node-id=\"p-0-n3\"><span class=\"md-syntax-block\" data-syn-id=\"s2\" data-char-start=\"23\" data-char-end=\"25\" spellcheck=\"false\">- </span>Child 2\n</li></ul>"
  offset_map:
    - byte_range:
        - 0
        - 2
      char_range:
        - 0
        - 2
      node_id: p-0-n0
      char_offset_in_node: 0
      child_index: ~
      utf16_len: 2
    - byte_range:
        - 2
        - 8
      char_range:
        - 2
        - 8
      node_id: p-0-n0
      char_offset_in_node: 2
      child_index: ~
      utf16_len: 6
    - byte_range:
        - 8
        - 11
      char_range:
        - 8
        - 11
      node_id: p-0-n0
      char_offset_in_node: 8
      child_index: ~
      utf16_len: 3
    - byte_range:
        - 11
        - 13
      char_range:
        - 11
        - 13
      node_id: p-0-n1
      char_offset_in_node: 0
      child_index: ~
      utf16_len: 2
    - byte_range:
        - 13
        - 20
      char_range:
        - 13
        - 20
      node_id: p-0-n1
      char_offset_in_node: 2
      child_index: ~
      utf16_len: 7
    - byte_range:
        - 20
        - 21
      char_range:
        - 20
        - 21
      node_id: p-0-n1
      char_offset_in_node: 9
      child_index: ~
      utf16_len: 1
    - byte_range:
        - 21
        - 23
      char_range:
        - 21
        - 23
      node_id: p-0-n2
      char_offset_in_node: 0
      child_index: ~
      utf16_len: 2
    - byte_range:
        - 23
        - 25
      char_range:
        - 23
        - 25
      node_id: p-0-n3
      char_offset_in_node: 0
      child_index: ~
      utf16_len: 2
    - byte_range:
        - 25
        - 32
      char_range:
        - 25
        - 32
      node_id: p-0-n3
      char_offset_in_node: 2
      child_index: ~
      utf16_len: 7
    - byte_range:
        - 32
        - 33
      char_range:
        - 32
        - 33
      node_id: p-0-n3
      char_offset_in_node: 9
      child_index: ~
      utf16_len: 1
  source_hash: 488032603397006983
