---
source: crates/weaver-app/src/components/editor/tests.rs
expression: result
---
- byte_range:
    - 0
    - 5
  char_range:
    - 0
    - 5
  html: "<p id=\"p-0-n0\" dir=\"ltr\">One.\n</p>"
  offset_map:
    - byte_range:
        - 0
        - 0
      char_range:
        - 0
        - 0
      node_id: p-0-n0
      char_offset_in_node: 0
      child_index: 0
      utf16_len: 0
    - byte_range:
        - 0
        - 4
      char_range:
        - 0
        - 4
      node_id: p-0-n0
      char_offset_in_node: 0
      child_index: ~
      utf16_len: 4
    - byte_range:
        - 4
        - 5
      char_range:
        - 4
        - 5
      node_id: p-0-n0
      char_offset_in_node: 4
      child_index: ~
      utf16_len: 1
  source_hash: 9153687894432250931
- byte_range:
    - 6
    - 11
  char_range:
    - 6
    - 11
  html: "<span id=\"p-1-n0\">\n</span><p id=\"p-1-n1\" dir=\"ltr\">Two.\n</p>"
  offset_map:
    - byte_range:
        - 5
        - 6
      char_range:
        - 5
        - 6
      node_id: p-1-n0
      char_offset_in_node: 0
      child_index: ~
      utf16_len: 1
    - byte_range:
        - 6
        - 6
      char_range:
        - 6
        - 6
      node_id: p-1-n1
      char_offset_in_node: 0
      child_index: 0
      utf16_len: 0
    - byte_range:
        - 6
        - 10
      char_range:
        - 6
        - 10
      node_id: p-1-n1
      char_offset_in_node: 0
      child_index: ~
      utf16_len: 4
    - byte_range:
        - 10
        - 11
      char_range:
        - 10
        - 11
      node_id: p-1-n1
      char_offset_in_node: 4
      child_index: ~
      utf16_len: 1
  source_hash: 3900796536115303959
- byte_range:
    - 12
    - 18
  char_range:
    - 12
    - 18
  html: "<span id=\"p-2-n0\">\n</span><p id=\"p-2-n1\" dir=\"ltr\">Three.</p>"
  offset_map:
    - byte_range:
        - 11
        - 12
      char_range:
        - 11
        - 12
      node_id: p-2-n0
      char_offset_in_node: 0
      child_index: ~
      utf16_len: 1
    - byte_range:
        - 12
        - 12
      char_range:
        - 12
        - 12
      node_id: p-2-n1
      char_offset_in_node: 0
      child_index: 0
      utf16_len: 0
    - byte_range:
        - 12
        - 18
      char_range:
        - 12
        - 18
      node_id: p-2-n1
      char_offset_in_node: 0
      child_index: ~
      utf16_len: 6
  source_hash: 11679754215709541712
