---
source: crates/weaver-app/src/components/editor/tests.rs
expression: result
---
- byte_range:
    - 0
    - 18
  char_range:
    - 0
    - 18
  html: "<p id=\"p-0-n0\" dir=\"ltr\">Some <span class=\"md-syntax-inline\" data-syn-id=\"s0\" data-char-start=\"5\" data-char-end=\"6\">*</span><em>italic</em><span class=\"md-syntax-inline\" data-syn-id=\"s1\" data-char-start=\"12\" data-char-end=\"13\">*</span> text</p>"
  offset_map:
    - byte_range:
        - 0
        - 0
      char_range:
        - 0
        - 0
      node_id: p-0-n0
      char_offset_in_node: 0
      child_index: 0
      utf16_len: 0
    - byte_range:
        - 0
        - 5
      char_range:
        - 0
        - 5
      node_id: p-0-n0
      char_offset_in_node: 0
      child_index: ~
      utf16_len: 5
    - byte_range:
        - 5
        - 6
      char_range:
        - 5
        - 6
      node_id: p-0-n0
      char_offset_in_node: 5
      child_index: ~
      utf16_len: 1
    - byte_range:
        - 6
        - 12
      char_range:
        - 6
        - 12
      node_id: p-0-n0
      char_offset_in_node: 6
      child_index: ~
      utf16_len: 6
    - byte_range:
        - 12
        - 13
      char_range:
        - 12
        - 13
      node_id: p-0-n0
      char_offset_in_node: 12
      child_index: ~
      utf16_len: 1
    - byte_range:
        - 13
        - 18
      char_range:
        - 13
        - 18
      node_id: p-0-n0
      char_offset_in_node: 13
      child_index: ~
      utf16_len: 5
  source_hash: 4363411941421262428
