---
source: crates/weaver-app/src/components/editor/tests.rs
expression: result
---
- byte_range:
    - 0
    - 27
  char_range:
    - 0
    - 27
  html: "<ol>\n<li data-node-id=\"n0\"><span class=\"md-syntax-block\" data-syn-id=\"s0\" data-char-start=\"0\" data-char-end=\"3\">1. </span>First<span class=\"md-syntax-inline\" data-syn-id=\"s1\" data-char-start=\"8\" data-char-end=\"9\">\n</span></li>\n<li data-node-id=\"n1\"><span class=\"md-syntax-block\" data-syn-id=\"s2\" data-char-start=\"9\" data-char-end=\"12\">2. </span>Second<span class=\"md-syntax-inline\" data-syn-id=\"s3\" data-char-start=\"18\" data-char-end=\"19\">\n</span></li>\n<li data-node-id=\"n2\"><span class=\"md-syntax-block\" data-syn-id=\"s4\" data-char-start=\"19\" data-char-end=\"22\">3. </span>Third</li>\n</ol>\n"
  offset_map:
    - byte_range:
        - 0
        - 3
      char_range:
        - 0
        - 3
      node_id: n0
      char_offset_in_node: 0
      child_index: ~
      utf16_len: 3
    - byte_range:
        - 3
        - 8
      char_range:
        - 3
        - 8
      node_id: n0
      char_offset_in_node: 3
      child_index: ~
      utf16_len: 5
    - byte_range:
        - 8
        - 9
      char_range:
        - 8
        - 9
      node_id: n0
      char_offset_in_node: 8
      child_index: ~
      utf16_len: 1
    - byte_range:
        - 9
        - 12
      char_range:
        - 9
        - 12
      node_id: n1
      char_offset_in_node: 0
      child_index: ~
      utf16_len: 3
    - byte_range:
        - 12
        - 18
      char_range:
        - 12
        - 18
      node_id: n1
      char_offset_in_node: 3
      child_index: ~
      utf16_len: 6
    - byte_range:
        - 18
        - 19
      char_range:
        - 18
        - 19
      node_id: n1
      char_offset_in_node: 9
      child_index: ~
      utf16_len: 1
    - byte_range:
        - 19
        - 22
      char_range:
        - 19
        - 22
      node_id: n2
      char_offset_in_node: 0
      child_index: ~
      utf16_len: 3
    - byte_range:
        - 22
        - 27
      char_range:
        - 22
        - 27
      node_id: n2
      char_offset_in_node: 3
      child_index: ~
      utf16_len: 5
  source_hash: 5390174624313041457
