---
source: crates/weaver-renderer/src/atproto/tests.rs
expression: output
---
<p dir="ltr">Text with footnote<label for="sn-1" class="sidenote-number"></label><input type="checkbox" id="sn-1" class="margin-toggle"/><span class="sidenote">Note with <strong>bold</strong> and <em>italic</em>.</span>.</p>
