---
source: crates/weaver-renderer/src/static_site/tests.rs
expression: output
---
<pre><code class="wvc-code language-Rust"><span class="wvc-source wvc-rust"><span class="wvc-meta wvc-function wvc-rust"><span class="wvc-meta wvc-function wvc-rust"><span class="wvc-storage wvc-type wvc-function wvc-rust">fn</span> </span><span class="wvc-entity wvc-name wvc-function wvc-rust">main</span></span><span class="wvc-meta wvc-function wvc-rust"><span class="wvc-meta wvc-function wvc-parameters wvc-rust"><span class="wvc-punctuation wvc-section wvc-parameters wvc-begin wvc-rust">(</span></span><span class="wvc-meta wvc-function wvc-rust"><span class="wvc-meta wvc-function wvc-parameters wvc-rust"><span class="wvc-punctuation wvc-section wvc-parameters wvc-end wvc-rust">)</span></span></span></span><span class="wvc-meta wvc-function wvc-rust"> </span><span class="wvc-meta wvc-function wvc-rust"><span class="wvc-meta wvc-block wvc-rust"><span class="wvc-punctuation wvc-section wvc-block wvc-begin wvc-rust">{</span>
    <span class="wvc-support wvc-macro wvc-rust">println!</span><span class="wvc-meta wvc-group wvc-rust"><span class="wvc-punctuation wvc-section wvc-group wvc-begin wvc-rust">(</span></span><span class="wvc-meta wvc-group wvc-rust"><span class="wvc-string wvc-quoted wvc-double wvc-rust"><span class="wvc-punctuation wvc-definition wvc-string wvc-begin wvc-rust">&quot;</span>Hello<span class="wvc-punctuation wvc-definition wvc-string wvc-end wvc-rust">&quot;</span></span></span><span class="wvc-meta wvc-group wvc-rust"><span class="wvc-punctuation wvc-section wvc-group wvc-end wvc-rust">)</span></span><span class="wvc-punctuation wvc-terminator wvc-rust">;</span>
</span><span class="wvc-meta wvc-block wvc-rust"><span class="wvc-punctuation wvc-section wvc-block wvc-end wvc-rust">}</span></span></span>
</span></code></pre>
